[2026-06-01 11:26:38] 퍼셉트론 성능 평가 시작
저장된 모델 데이터랑 테스트 데이터 불러오는 중...
로딩 끝: 학습용 304개, 테스트용 77개


테스트 셋으로 모델 정확도 평가 시작...
==================================================
 [결과 보고서] SnapSort 단층 퍼셉트론(SLP) 모델 성능 평가
==================================================
▶ 전체 평균 정확도(Accuracy): 77.92% 맞춤 (60/77)

▶ 카테고리별로 보면:
  - GAME: 66.67% (20/30)
  - PERSON: 71.43% (15/21)
  - FINANCE: 96.15% (25/26)
==================================================
[2026-06-01 11:26:39] 성능 평가 끝!
